<?xml version="1.0" encoding="utf-8"?><testsuites name="pytest tests"><testsuite name="pytest" errors="0" failures="0" skipped="0" tests="0" time="23.671" timestamp="2026-01-20T19:45:09.863099+01:00" hostname="AX18" /></testsuites>